// Jest Snapshot v1, https://goo.gl/fbAQLP

exports[`SearchBox should map snapshot 1`] = `
<SearchBox
  searchText="iphone"
>
  <div
    className="search-box"
  >
    <input
      className="search-box__input"
      onChange={[Function]}
      onKeyPress={[Function]}
      placeholder="Nunca dejes de buscar"
      type="text"
      value="iphone"
    />
    <Link
      href="/search?q=iphone"
      prefetch={true}
    >
      <a
        href="/search?q=iphone"
        onClick={[Function]}
        onMouseEnter={[Function]}
      >
        <button
          className="search-box__button"
          type="submit"
        >
          <div
            className="search-box__icon"
          />
        </button>
      </a>
    </Link>
  </div>
</SearchBox>
`;
