// Jest Snapshot v1, https://goo.gl/fbAQLP

exports[`SearchBox should map snapshot 1`] = `
<SearchBox
  searchText="iphone"
>
  <form
    action="/items"
    className="search-box"
    method="GET"
  >
    <input
      className="search-box__input"
      name="search"
      onChange={[Function]}
      placeholder="Nunca dejes de buscar"
      type="text"
      value="iphone"
    />
    <button
      className="search-box__button"
      type="submit"
    >
      <div
        className="search-box__icon"
      />
    </button>
  </form>
</SearchBox>
`;
